0 1:
1 0:
0 1:
1 0:
0 1 2:
0 2 1:
1 0 2:
1 2 0:
2 0 1:
2 1 0:
1 0 2 3:KO
1 0 3 2:KO
1 2 0 3:KO
1 2 3 0:KO
1 3 0 2:KO
1 3 2 0:KO
0 2 1 3 4:KO
0 2 1 4 3:KO
0 2 3 1 4:KO
0 2 3 4 1:KO
0 2 4 1 3:KO
0 2 4 3 1:KO
1 2 0 3 4:KO
1 2 0 4 3:KO
1 2 3 0 4:KO
1 2 3 4 0:KO
1 2 4 0 3:KO
1 2 4 3 0:KO
1 3 0 2 4:KO
1 3 0 4 2:KO
1 3 2 0 4:KO
1 3 2 4 0:KO
1 3 4 0 2:KO
1 3 4 2 0:KO
1 4 0 2 3:KO
1 4 0 3 2:KO
1 4 2 0 3:KO
1 4 2 3 0:KO
1 4 3 0 2:KO
1 4 3 2 0:KO
2 0 1 3 4:KO
2 0 1 4 3:KO
2 0 3 1 4:KO
2 0 3 4 1:KO
2 0 4 1 3:KO
2 0 4 3 1:KO
2 1 0 3 4:KO
2 1 0 4 3:KO
2 1 3 0 4:KO
2 1 3 4 0:KO
2 1 4 0 3:KO
2 1 4 3 0:KO
2 3 0 1 4:KO
2 3 0 4 1:KO
2 3 1 0 4:KO
2 3 1 4 0:KO
2 3 4 0 1:KO
2 3 4 1 0:KO
2 4 0 1 3:KO
2 4 0 3 1:KO
2 4 1 0 3:KO
2 4 1 3 0:KO
2 4 3 0 1:KO
2 4 3 1 0:KO
3 1 0 2 4:KO
3 1 0 4 2:KO
3 1 2 0 4:KO
3 1 2 4 0:KO
3 1 4 0 2:KO
3 1 4 2 0:KO
3 2 0 1 4:KO
3 2 0 4 1:KO
3 2 1 0 4:KO
3 2 1 4 0:KO
3 2 4 0 1:KO
3 2 4 1 0:KO
4 1 0 2 3:KO
4 1 0 3 2:KO
4 1 2 0 3:KO
4 1 2 3 0:KO
4 1 3 0 2:KO
4 1 3 2 0:KO
4 2 0 1 3:KO
4 2 0 3 1:KO
4 2 1 0 3:KO
4 2 1 3 0:KO
4 2 3 0 1:KO
4 2 3 1 0:KO
0 2 1 3 4:KO
0 2 1 4 3:KO
0 2 3 1 4:KO
0 2 3 4 1:KO
0 2 4 1 3:KO
0 2 4 3 1:KO
0 3 1 2 4:KO
0 3 1 4 2:KO
0 3 2 1 4:KO
0 3 2 4 1:KO
0 3 4 1 2:KO
0 3 4 2 1:KO
0 4 1 2 3:KO
0 4 1 3 2:KO
0 4 2 1 3:KO
0 4 2 3 1:KO
0 4 3 1 2:KO
0 4 3 2 1:KO
1 2 0 3 4:KO
1 2 0 4 3:KO
1 2 3 0 4:KO
1 2 3 4 0:KO
1 2 4 0 3:KO
1 2 4 3 0:KO
1 3 0 2 4:KO
1 3 0 4 2:KO
1 3 2 0 4:KO
1 3 2 4 0:KO
1 3 4 0 2:KO
1 3 4 2 0:KO
1 4 0 2 3:KO
1 4 0 3 2:KO
1 4 2 0 3:KO
1 4 2 3 0:KO
1 4 3 0 2:KO
1 4 3 2 0:KO
2 0 1 3 4:KO
2 0 1 4 3:KO
2 0 3 1 4:KO
2 0 3 4 1:KO
2 0 4 1 3:KO
2 0 4 3 1:KO
2 1 0 3 4:KO
2 1 0 4 3:KO
2 1 3 0 4:KO
2 1 3 4 0:KO
2 1 4 0 3:KO
2 1 4 3 0:KO
2 3 0 1 4:KO
2 3 0 4 1:KO
2 3 1 0 4:KO
2 3 1 4 0:KO
2 3 4 0 1:KO
2 3 4 1 0:KO
2 4 0 1 3:KO
2 4 0 3 1:KO
2 4 1 0 3:KO
2 4 1 3 0:KO
2 4 3 0 1:KO
2 4 3 1 0:KO
3 0 1 2 4:KO
3 0 1 4 2:KO
3 0 2 1 4:KO
3 0 2 4 1:KO
3 0 4 1 2:KO
3 0 4 2 1:KO
3 1 0 2 4:KO
3 1 0 4 2:KO
3 1 2 0 4:KO
3 1 2 4 0:KO
3 1 4 0 2:KO
3 1 4 2 0:KO
3 2 0 1 4:KO
3 2 0 4 1:KO
3 2 1 0 4:KO
3 2 1 4 0:KO
3 2 4 0 1:KO
3 2 4 1 0:KO
3 4 0 1 2:KO
3 4 0 2 1:KO
3 4 1 0 2:KO
3 4 1 2 0:KO
3 4 2 0 1:KO
3 4 2 1 0:KO
4 0 1 2 3:KO
4 0 1 3 2:KO
4 0 2 1 3:KO
4 0 2 3 1:KO
4 0 3 1 2:KO
4 0 3 2 1:KO
4 1 0 2 3:KO
4 1 0 3 2:KO
4 1 2 0 3:KO
4 1 2 3 0:KO
4 1 3 0 2:KO
4 1 3 2 0:KO
4 2 0 1 3:KO
4 2 0 3 1:KO
4 2 1 0 3:KO
4 2 1 3 0:KO
4 2 3 0 1:KO
4 2 3 1 0:KO
4 3 0 1 2:KO
4 3 0 2 1:KO
4 3 1 0 2:KO
4 3 1 2 0:KO
4 3 2 0 1:KO
4 3 2 1 0:KO
0 2 1 3 4:KO
0 2 1 4 3:KO
0 2 3 1 4:KO
0 2 3 4 1:KO
0 2 4 1 3:KO
0 2 4 3 1:KO
1 2 0 3 4:KO
1 2 0 4 3:KO
1 2 3 0 4:KO
1 2 3 4 0:KO
1 2 4 0 3:KO
1 2 4 3 0:KO
1 3 0 2 4:KO
1 3 0 4 2:KO
1 3 2 0 4:KO
1 3 2 4 0:KO
1 3 4 0 2:KO
1 3 4 2 0:KO
1 4 0 2 3:KO
1 4 0 3 2:KO
1 4 2 0 3:KO
1 4 2 3 0:KO
1 4 3 0 2:KO
1 4 3 2 0:KO
2 0 1 3 4:KO
2 0 1 4 3:KO
2 0 3 1 4:KO
2 0 3 4 1:KO
2 0 4 1 3:KO
2 0 4 3 1:KO
2 1 0 3 4:KO
2 1 0 4 3:KO
2 1 3 0 4:KO
2 1 3 4 0:KO
2 1 4 0 3:KO
2 1 4 3 0:KO
2 3 0 1 4:KO
2 3 0 4 1:KO
2 3 1 0 4:KO
2 3 1 4 0:KO
2 3 4 0 1:KO
2 3 4 1 0:KO
2 4 0 1 3:KO
2 4 0 3 1:KO
2 4 1 0 3:KO
2 4 1 3 0:KO
2 4 3 0 1:KO
2 4 3 1 0:KO
3 1 0 2 4:KO
3 1 0 4 2:KO
3 1 2 0 4:KO
3 1 2 4 0:KO
3 1 4 0 2:KO
3 1 4 2 0:KO
3 2 0 1 4:KO
3 2 0 4 1:KO
3 2 1 0 4:KO
3 2 1 4 0:KO
3 2 4 0 1:KO
3 2 4 1 0:KO
4 1 0 2 3:KO
4 1 0 3 2:KO
4 1 2 0 3:KO
4 1 2 3 0:KO
4 1 3 0 2:KO
4 1 3 2 0:KO
4 2 0 1 3:KO
4 2 0 3 1:KO
4 2 1 0 3:KO
4 2 1 3 0:KO
4 2 3 0 1:KO
4 2 3 1 0:KO
0 2 1 3 4:KO
0 2 1 4 3:KO
0 2 3 1 4:KO
0 2 3 4 1:KO
0 2 4 1 3:KO
0 2 4 3 1:KO
1 2 0 3 4:KO
1 2 0 4 3:KO
1 2 3 0 4:KO
1 2 3 4 0:KO
1 2 4 0 3:KO
1 2 4 3 0:KO
1 3 0 2 4:KO
1 3 0 4 2:KO
1 3 2 0 4:KO
1 3 2 4 0:KO
1 3 4 0 2:KO
1 3 4 2 0:KO
1 4 0 2 3:KO
1 4 0 3 2:KO
1 4 2 0 3:KO
1 4 2 3 0:KO
1 4 3 0 2:KO
1 4 3 2 0:KO
2 0 1 3 4:KO
2 0 1 4 3:KO
2 0 3 1 4:KO
2 0 3 4 1:KO
2 0 4 1 3:KO
2 0 4 3 1:KO
2 1 0 3 4:KO
2 1 0 4 3:KO
2 1 3 0 4:KO
2 1 3 4 0:KO
2 1 4 0 3:KO
2 1 4 3 0:KO
2 3 0 1 4:KO
2 3 0 4 1:KO
2 3 1 0 4:KO
2 3 1 4 0:KO
2 3 4 0 1:KO
2 3 4 1 0:KO
2 4 0 1 3:KO
2 4 0 3 1:KO
2 4 1 0 3:KO
2 4 1 3 0:KO
2 4 3 0 1:KO
2 4 3 1 0:KO
3 1 0 2 4:KO
3 1 0 4 2:KO
3 1 2 0 4:KO
3 1 2 4 0:KO
3 1 4 0 2:KO
3 1 4 2 0:KO
3 2 0 1 4:KO
3 2 0 4 1:KO
3 2 1 0 4:KO
3 2 1 4 0:KO
3 2 4 0 1:KO
3 2 4 1 0:KO
4 1 0 2 3:KO
4 1 0 3 2:KO
4 1 2 0 3:KO
4 1 2 3 0:KO
4 1 3 0 2:KO
4 1 3 2 0:KO
4 2 0 1 3:KO
4 2 0 3 1:KO
4 2 1 0 3:KO
4 2 1 3 0:KO
4 2 3 0 1:KO
4 2 3 1 0:KO
0 2 1 3 4:KO
0 2 1 4 3:KO
0 2 3 1 4:KO
0 2 3 4 1:KO
0 2 4 1 3:KO
0 2 4 3 1:KO
1 2 0 3 4:KO
1 2 0 4 3:KO
1 2 3 0 4:KO
1 2 3 4 0:KO
1 2 4 0 3:KO
1 2 4 3 0:KO
1 3 0 2 4:KO
1 3 0 4 2:KO
1 3 2 0 4:KO
1 3 2 4 0:KO
1 3 4 0 2:KO
1 3 4 2 0:KO
1 4 0 2 3:KO
1 4 0 3 2:KO
1 4 2 0 3:KO
1 4 2 3 0:KO
1 4 3 0 2:KO
1 4 3 2 0:KO
2 0 1 3 4:KO
2 0 1 4 3:KO
2 0 3 1 4:KO
2 0 3 4 1:KO
2 0 4 1 3:KO
2 0 4 3 1:KO
2 1 0 3 4:KO
2 1 0 4 3:KO
2 1 3 0 4:KO
2 1 3 4 0:KO
2 1 4 0 3:KO
2 1 4 3 0:KO
2 3 0 1 4:KO
2 3 0 4 1:KO
2 3 1 0 4:KO
2 3 1 4 0:KO
2 3 4 0 1:KO
2 3 4 1 0:KO
2 4 0 1 3:KO
2 4 0 3 1:KO
2 4 1 0 3:KO
2 4 1 3 0:KO
2 4 3 0 1:KO
2 4 3 1 0:KO
3 1 0 2 4:KO
3 1 0 4 2:KO
3 1 2 0 4:KO
3 1 2 4 0:KO
3 1 4 0 2:KO
3 1 4 2 0:KO
3 2 0 1 4:KO
3 2 0 4 1:KO
3 2 1 0 4:KO
3 2 1 4 0:KO
3 2 4 0 1:KO
3 2 4 1 0:KO
4 1 0 2 3:KO
4 1 0 3 2:KO
4 1 2 0 3:KO
4 1 2 3 0:KO
4 1 3 0 2:KO
4 1 3 2 0:KO
4 2 0 1 3:KO
4 2 0 3 1:KO
4 2 1 0 3:KO
4 2 1 3 0:KO
4 2 3 0 1:KO
4 2 3 1 0:KO
0 2 1 3 4:KO
0 2 1 4 3:KO
0 2 3 1 4:KO
0 2 3 4 1:KO
0 2 4 1 3:KO
0 2 4 3 1:KO
1 2 0 3 4:KO
1 2 0 4 3:KO
1 2 3 0 4:KO
1 2 3 4 0:KO
1 2 4 0 3:KO
1 2 4 3 0:KO
1 3 0 2 4:KO
1 3 0 4 2:KO
1 3 2 0 4:KO
1 3 2 4 0:KO
1 3 4 0 2:KO
1 3 4 2 0:KO
1 4 0 2 3:KO
1 4 0 3 2:KO
1 4 2 0 3:KO
1 4 2 3 0:KO
1 4 3 0 2:KO
1 4 3 2 0:KO
2 0 1 3 4:KO
2 0 1 4 3:KO
2 0 3 1 4:KO
2 0 3 4 1:KO
2 0 4 1 3:KO
2 0 4 3 1:KO
2 1 0 3 4:KO
2 1 0 4 3:KO
2 1 3 0 4:KO
2 1 3 4 0:KO
2 1 4 0 3:KO
2 1 4 3 0:KO
2 3 0 1 4:KO
2 3 0 4 1:KO
2 3 1 0 4:KO
2 3 1 4 0:KO
2 3 4 0 1:KO
2 3 4 1 0:KO
2 4 0 1 3:KO
2 4 0 3 1:KO
2 4 1 0 3:KO
2 4 1 3 0:KO
2 4 3 0 1:KO
2 4 3 1 0:KO
3 1 0 2 4:KO
3 1 0 4 2:KO
3 1 2 0 4:KO
3 1 2 4 0:KO
3 1 4 0 2:KO
3 1 4 2 0:KO
3 2 0 1 4:KO
3 2 0 4 1:KO
3 2 1 0 4:KO
3 2 1 4 0:KO
3 2 4 0 1:KO
3 2 4 1 0:KO
4 1 0 2 3:KO
4 1 0 3 2:KO
4 1 2 0 3:KO
4 1 2 3 0:KO
4 1 3 0 2:KO
4 1 3 2 0:KO
4 2 0 1 3:KO
4 2 0 3 1:KO
4 2 1 0 3:KO
4 2 1 3 0:KO
4 2 3 0 1:KO
4 2 3 1 0:KO
0 2 1 3 4:KO
0 2 1 4 3:KO
0 2 3 1 4:KO
0 2 3 4 1:KO
0 2 4 1 3:KO
0 2 4 3 1:KO
1 2 0 3 4:KO
1 2 0 4 3:KO
1 2 3 0 4:KO
1 2 3 4 0:KO
1 2 4 0 3:KO
1 2 4 3 0:KO
1 3 0 2 4:KO
1 3 0 4 2:KO
1 3 2 0 4:KO
1 3 2 4 0:KO
1 3 4 0 2:KO
1 3 4 2 0:KO
1 4 0 2 3:KO
1 4 0 3 2:KO
1 4 2 0 3:KO
1 4 2 3 0:KO
1 4 3 0 2:KO
1 4 3 2 0:KO
2 0 1 3 4:KO
2 0 1 4 3:KO
2 0 3 1 4:KO
2 0 3 4 1:KO
2 0 4 1 3:KO
2 0 4 3 1:KO
2 1 0 3 4:KO
2 1 0 4 3:KO
2 1 3 0 4:KO
2 1 3 4 0:KO
2 1 4 0 3:KO
2 1 4 3 0:KO
2 3 0 1 4:KO
2 3 0 4 1:KO
2 3 1 0 4:KO
2 3 1 4 0:KO
2 3 4 0 1:KO
2 3 4 1 0:KO
2 4 0 1 3:KO
2 4 0 3 1:KO
2 4 1 0 3:KO
2 4 1 3 0:KO
2 4 3 0 1:KO
2 4 3 1 0:KO
3 1 0 2 4:KO
3 1 0 4 2:KO
3 1 2 0 4:KO
3 1 2 4 0:KO
3 1 4 0 2:KO
3 1 4 2 0:KO
3 2 0 1 4:KO
3 2 0 4 1:KO
3 2 1 0 4:KO
3 2 1 4 0:KO
3 2 4 0 1:KO
3 2 4 1 0:KO
4 1 0 2 3:KO
4 1 0 3 2:KO
4 1 2 0 3:KO
4 1 2 3 0:KO
4 1 3 0 2:KO
4 1 3 2 0:KO
4 2 0 1 3:KO
4 2 0 3 1:KO
4 2 1 0 3:KO
4 2 1 3 0:KO
4 2 3 0 1:KO
4 2 3 1 0:KO
0 2 1 3 4:KO
0 2 1 4 3:KO
0 2 3 1 4:KO
0 2 3 4 1:KO
0 2 4 1 3:KO
0 2 4 3 1:KO
1 2 0 3 4:KO
1 2 0 4 3:KO
1 2 3 0 4:KO
1 2 3 4 0:KO
1 2 4 0 3:KO
1 2 4 3 0:KO
1 3 0 2 4:KO
1 3 0 4 2:KO
1 3 2 0 4:KO
1 3 2 4 0:KO
1 3 4 0 2:KO
1 3 4 2 0:KO
1 4 0 2 3:KO
1 4 0 3 2:KO
1 4 2 0 3:KO
1 4 2 3 0:KO
1 4 3 0 2:KO
1 4 3 2 0:KO
2 0 1 3 4:KO
2 0 1 4 3:KO
2 0 3 1 4:KO
2 0 3 4 1:KO
2 0 4 1 3:KO
2 0 4 3 1:KO
2 1 0 3 4:KO
2 1 0 4 3:KO
2 1 3 0 4:KO
2 1 3 4 0:KO
2 1 4 0 3:KO
2 1 4 3 0:KO
2 3 0 1 4:KO
2 3 0 4 1:KO
2 3 1 0 4:KO
2 3 1 4 0:KO
2 3 4 0 1:KO
2 3 4 1 0:KO
2 4 0 1 3:KO
2 4 0 3 1:KO
2 4 1 0 3:KO
2 4 1 3 0:KO
2 4 3 0 1:KO
2 4 3 1 0:KO
3 1 0 2 4:KO
3 1 0 4 2:KO
3 1 2 0 4:KO
3 1 2 4 0:KO
3 1 4 0 2:KO
3 1 4 2 0:KO
3 2 0 1 4:KO
3 2 0 4 1:KO
3 2 1 0 4:KO
3 2 1 4 0:KO
3 2 4 0 1:KO
3 2 4 1 0:KO
4 1 0 2 3:KO
4 1 0 3 2:KO
4 1 2 0 3:KO
4 1 2 3 0:KO
4 1 3 0 2:KO
4 1 3 2 0:KO
4 2 0 1 3:KO
4 2 0 3 1:KO
4 2 1 0 3:KO
4 2 1 3 0:KO
4 2 3 0 1:KO
4 2 3 1 0:KO
0 2 1 3 4:
0 2 1 4 3:
0 2 3 1 4:
0 2 3 4 1:
0 2 4 1 3:
0 2 4 3 1:
0 3 1 2 4:
0 3 1 4 2:
0 3 2 1 4:
0 3 2 4 1:
0 3 4 1 2:
0 3 4 2 1:
1 2 0 3 4:
1 2 0 4 3:
1 2 3 0 4:
1 2 3 4 0:
1 2 4 0 3:
1 2 4 3 0:
1 3 0 2 4:
1 3 0 4 2:
1 3 2 0 4:
1 3 2 4 0:
1 3 4 0 2:
1 3 4 2 0:
1 4 0 2 3:
1 4 0 3 2:
1 4 2 0 3:
1 4 2 3 0:
1 4 3 0 2:
1 4 3 2 0:
2 0 1 3 4:
2 0 1 4 3:
2 0 3 1 4:
2 0 3 4 1:
2 0 4 1 3:
2 0 4 3 1:
2 1 0 3 4:
2 1 0 4 3:
2 1 3 0 4:
2 1 3 4 0:
2 1 4 0 3:
2 1 4 3 0:
2 3 0 1 4:
2 3 0 4 1:
2 3 1 0 4:
2 3 1 4 0:
2 3 4 0 1:
2 3 4 1 0:
2 4 0 1 3:
2 4 0 3 1:
2 4 1 0 3:
2 4 1 3 0:
2 4 3 0 1:
2 4 3 1 0:
3 0 1 2 4:
3 0 1 4 2:
3 0 2 1 4:
3 0 2 4 1:
3 0 4 1 2:
3 0 4 2 1:
3 1 0 2 4:
3 1 0 4 2:
3 1 2 0 4:
3 1 2 4 0:
3 1 4 0 2:
3 1 4 2 0:
3 2 0 1 4:
3 2 0 4 1:
3 2 1 0 4:
3 2 1 4 0:
3 2 4 0 1:
3 2 4 1 0:
3 4 0 1 2:
3 4 0 2 1:
3 4 1 0 2:
3 4 1 2 0:
3 4 2 0 1:
3 4 2 1 0:
4 1 0 2 3:
4 1 0 3 2:
4 1 2 0 3:
4 1 2 3 0:
4 1 3 0 2:
4 1 3 2 0:
4 2 0 1 3:
4 2 0 3 1:
4 2 1 0 3:
4 2 1 3 0:
4 2 3 0 1:
4 2 3 1 0:
4 3 0 1 2:
4 3 0 2 1:
4 3 1 0 2:
4 3 1 2 0:
4 3 2 0 1:
4 3 2 1 0:
0 2 1 3 4:
0 2 1 4 3:
0 2 3 1 4:
0 2 3 4 1:
0 2 4 1 3:
0 2 4 3 1:
0 3 1 2 4:
0 3 1 4 2:
0 3 2 1 4:
0 3 2 4 1:
0 3 4 1 2:
0 3 4 2 1:
1 2 0 3 4:
1 2 0 4 3:
1 2 3 0 4:
1 2 3 4 0:
1 2 4 0 3:
1 2 4 3 0:
1 3 0 2 4:
1 3 0 4 2:
1 3 2 0 4:
1 3 2 4 0:
1 3 4 0 2:
1 3 4 2 0:
1 4 0 2 3:
1 4 0 3 2:
1 4 2 0 3:
1 4 2 3 0:
1 4 3 0 2:
1 4 3 2 0:
2 0 1 3 4:
2 0 1 4 3:
2 0 3 1 4:
2 0 3 4 1:
2 0 4 1 3:
2 0 4 3 1:
2 1 0 3 4:
2 1 0 4 3:
2 1 3 0 4:
2 1 3 4 0:
2 1 4 0 3:
2 1 4 3 0:
2 3 0 1 4:
2 3 0 4 1:
2 3 1 0 4:
2 3 1 4 0:
2 3 4 0 1:
2 3 4 1 0:
2 4 0 1 3:
2 4 0 3 1:
2 4 1 0 3:
2 4 1 3 0:
2 4 3 0 1:
2 4 3 1 0:
3 0 1 2 4:
3 0 1 4 2:
3 0 2 1 4:
3 0 2 4 1:
3 0 4 1 2:
3 0 4 2 1:
3 1 0 2 4:
3 1 0 4 2:
3 1 2 0 4:
3 1 2 4 0:
3 1 4 0 2:
3 1 4 2 0:
3 2 0 1 4:
3 2 0 4 1:
3 2 1 0 4:
3 2 1 4 0:
3 2 4 0 1:
3 2 4 1 0:
3 4 0 1 2:
3 4 0 2 1:
3 4 1 0 2:
3 4 1 2 0:
3 4 2 0 1:
3 4 2 1 0:
4 1 0 2 3:
4 1 0 3 2:
4 1 2 0 3:
4 1 2 3 0:
4 1 3 0 2:
4 1 3 2 0:
4 2 0 1 3:
4 2 0 3 1:
4 2 1 0 3:
4 2 1 3 0:
4 2 3 0 1:
4 2 3 1 0:
4 3 0 1 2:
4 3 0 2 1:
4 3 1 0 2:
4 3 1 2 0:
4 3 2 0 1:
4 3 2 1 0:
0 2 1 3 4:
0 2 1 4 3:
0 2 3 1 4:
0 2 3 4 1:
0 2 4 1 3:
0 2 4 3 1:
0 3 1 2 4:
0 3 1 4 2:
0 3 2 1 4:
0 3 2 4 1:
0 3 4 1 2:
0 3 4 2 1:
0 4 1 2 3:
0 4 1 3 2:
0 4 2 1 3:
0 4 2 3 1:
0 4 3 1 2:
0 4 3 2 1:
1 2 0 3 4:
1 2 0 4 3:
1 2 3 0 4:
1 2 3 4 0:
1 2 4 0 3:
1 2 4 3 0:
1 3 0 2 4:
1 3 0 4 2:
1 3 2 0 4:
1 3 2 4 0:
1 3 4 0 2:
1 3 4 2 0:
1 4 0 2 3:
1 4 0 3 2:
1 4 2 0 3:
1 4 2 3 0:
1 4 3 0 2:
1 4 3 2 0:
2 0 1 3 4:
2 0 1 4 3:
2 0 3 1 4:
2 0 3 4 1:
2 0 4 1 3:
2 0 4 3 1:
2 1 0 3 4:
2 1 0 4 3:
2 1 3 0 4:
2 1 3 4 0:
2 1 4 0 3:
2 1 4 3 0:
2 3 0 1 4:
2 3 0 4 1:
2 3 1 0 4:
2 3 1 4 0:
2 3 4 0 1:
2 3 4 1 0:
2 4 0 1 3:
2 4 0 3 1:
2 4 1 0 3:
2 4 1 3 0:
2 4 3 0 1:
2 4 3 1 0:
3 0 1 2 4:
3 0 1 4 2:
3 0 2 1 4:
3 0 2 4 1:
3 0 4 1 2:
3 0 4 2 1:
3 1 0 2 4:
3 1 0 4 2:
3 1 2 0 4:
3 1 2 4 0:
3 1 4 0 2:
3 1 4 2 0:
3 2 0 1 4:
3 2 0 4 1:
3 2 1 0 4:
3 2 1 4 0:
3 2 4 0 1:
3 2 4 1 0:
3 4 0 1 2:
3 4 0 2 1:
3 4 1 0 2:
3 4 1 2 0:
3 4 2 0 1:
3 4 2 1 0:
4 0 1 2 3:
4 0 1 3 2:
4 0 2 1 3:
4 0 2 3 1:
4 0 3 1 2:
4 0 3 2 1:
4 1 0 2 3:
4 1 0 3 2:
4 1 2 0 3:
4 1 2 3 0:
4 1 3 0 2:
4 1 3 2 0:
4 2 0 1 3:
4 2 0 3 1:
4 2 1 0 3:
4 2 1 3 0:
4 2 3 0 1:
4 2 3 1 0:
4 3 0 1 2:
4 3 0 2 1:
4 3 1 0 2:
4 3 1 2 0:
4 3 2 0 1:
4 3 2 1 0:
0 2 3 4 1:KO
0 2 4 3 1:KO
0 3 2 4 1:KO
0 3 4 2 1:KO
0 4 2 3 1:KO
0 4 3 2 1:KO
1 0 2 3 4:KO
1 0 2 4 3:KO
1 0 3 2 4:KO
1 0 3 4 2:KO
1 0 4 2 3:KO
1 0 4 3 2:KO
2 1 0 3 4:KO
2 1 0 4 3:KO
2 3 1 0 4:KO
2 3 4 1 0:KO
2 4 1 0 3:KO
2 4 3 1 0:KO
3 1 0 2 4:KO
3 1 0 4 2:KO
3 2 1 0 4:KO
3 2 4 1 0:KO
3 4 1 0 2:KO
3 4 2 1 0:KO
4 1 0 2 3:KO
4 1 0 3 2:KO
4 2 1 0 3:KO
4 2 3 1 0:KO
4 3 1 0 2:KO
4 3 2 1 0:KO
0 2 3 4 1:KO
0 2 4 3 1:KO
0 3 2 4 1:KO
0 3 4 2 1:KO
0 4 2 3 1:KO
0 4 3 2 1:KO
1 0 2 3 4:KO
1 0 2 4 3:KO
1 0 3 2 4:KO
1 0 3 4 2:KO
1 0 4 2 3:KO
1 0 4 3 2:KO
2 1 0 3 4:KO
2 1 0 4 3:KO
2 3 1 0 4:KO
2 3 4 1 0:KO
2 4 1 0 3:KO
2 4 3 1 0:KO
3 1 0 2 4:KO
3 1 0 4 2:KO
3 2 1 0 4:KO
3 2 4 1 0:KO
3 4 1 0 2:KO
3 4 2 1 0:KO
4 1 0 2 3:KO
4 1 0 3 2:KO
4 2 1 0 3:KO
4 2 3 1 0:KO
4 3 1 0 2:KO
4 3 2 1 0:KO
